// Jest Snapshot v1, https://goo.gl/fbAQLP

exports[`<Heading /> passes through aria labels and roles 1`] = `
<div>
  <div
    aria-level="1"
    class="p-0 m-0 heading heading-0"
    role="heading"
  >
    Example
  </div>
</div>
`;
