// Jest Snapshot v1, https://goo.gl/fbAQLP

exports[`matches snapshot with everything enabled 1`] = `
<div>
  <div
    class=""
    data-automation-id="some-bogus-test-id"
  >
    <div
      class="container separated"
    >
      <button
        aria-controls="1-section"
        aria-expanded="false"
        class="button sticky"
        id="1-button"
        style="top: 20px;"
      >
        <div>
          First panel w/ custom header
        </div>
        <div>
          <svg
            aria-hidden="true"
            aria-labelledby="80284680-3304-5869-9788-7428e6c6ee86"
            class="icon"
            focusable="false"
            role="presentation"
            viewBox="0 0 0 0"
          >
            <use
              xlink:href="#my-svg"
            />
          </svg>
        </div>
      </button>
      <div
        aria-hidden="true"
        class="rah-static rah-static--height-zero"
        style="height: 0px; overflow: hidden;"
      >
        <div
          style="display: none;"
        >
          <div
            aria-labelledby="1-button"
            class="section noPadding"
            id="1-section"
            role="region"
          >
            First panel content
          </div>
        </div>
      </div>
    </div>
    <div
      class="container separated"
      data-automation-id="another-bogus-test-id"
    >
      <button
        aria-controls="2-section"
        aria-expanded="true"
        class="button open sticky"
        data-automation-id="another-bogus-test-id-button"
        id="2-button"
        style="top: 20px;"
      >
        <div
          class="title"
          data-automation-id="another-bogus-test-id-button-title"
        >
          <span
            class="heading inheritBaseline"
          >
            Second panel
          </span>
        </div>
        <div>
          <svg
            aria-hidden="true"
            aria-labelledby="80284680-3304-5869-9788-7428e6c6ee86"
            class="icon"
            focusable="false"
            role="presentation"
            viewBox="0 0 0 0"
          >
            <use
              xlink:href="#my-svg"
            />
          </svg>
        </div>
      </button>
      <div
        aria-hidden="false"
        class="rah-static rah-static--height-auto"
        data-automation-id="another-bogus-test-id-section"
        style="height: auto; overflow: visible;"
      >
        <div>
          <div
            aria-labelledby="2-button"
            class="section noPadding"
            id="2-section"
            role="region"
          >
            Second panel content
          </div>
        </div>
      </div>
    </div>
  </div>
</div>
`;
